["b", "2019-01-01", null, "Demographics", [], {"tag" : "Demographics","patient_id":"b","time": {"begin" : "2010-01-01", "end" : null}, "contents" : {"demo" : {"field" : "BirthYear", "info" : "1960"} } }]
["b", "2020-01-01", "2020-12-31", "Enrollment", [], {"tag" : "Enrollment","patient_id":"b","contents":{"plan":{"exchange":"None"}},"time":{"begin":"2020-01-01","end":"2020-12-31"}}]
["a", "2018-01-01", "2019-12-31", "Enrollment", [], {"tag" : "Enrollment","patient_id":"a","contents":{"plan":{"exchange":"None"}},"time":{"begin":"2018-01-01","end":"2019-12-31"}}]
["a", "2019-01-01", null, "Demographics", [], {"tag" : "Demographics","patient_id":"a", "time": {"begin" : "2019-01-01", "end" : null}, "contents" : {"demo" : {"field" : "BirthYear", "info" : "1960"} } }]
