"[[[0,4],{\"getConcepts\":[\"home\"],\"getFacts\":\"WasAfter\",\"getSource\":null}],[[1,10],{\"getConcepts\":[\"not home\"],\"getFacts\":\"WasAfter\",\"getSource\":null}],[[0,20],{\"getConcepts\":[\"home\"],\"getFacts\":\"WasAfter\",\"getSource\":null}]]"