"[[[0,4],{\"getConcepts\":[\"home\"],\"getFacts\":\"WasAfter\",\"getSource\":null}]]"