"[[\"home\"],[\"not home\"],[\"home\"],[\"home\"]]"