"[[[0,4],{\"getTagSet\":[\"home\"],\"getFacts\":\"WasAfter\",\"getSource\":null}]]"