"[[[0,4],{\"getTagSet\":[\"home\"],\"getFacts\":\"WasAfter\",\"getSource\":null}],[[1,10],{\"getTagSet\":[\"not home\"],\"getFacts\":\"WasAfter\",\"getSource\":null}],[[0,20],{\"getTagSet\":[\"home\"],\"getFacts\":\"WasAfter\",\"getSource\":null}]]"