{"example":[{"attritionInfo":[[{"tag":"SubjectHasNoIndex"},0],[{"tag":"Included"},0]],"totalSubjectsProcessed":0,"totalUnitsProcessed":0},{"contents":{"attributes":[],"cohortData":[[]],"ids":[]},"tag":"CW"}]}