"[[1, 10],{\"getConcepts\":[\"not home\"],\"getFacts\":\"CoinToss\",\"getSource\":null}]"