"[[[0,4],{\"getFacts\":\"WasAfter\",\"getSource\":null,\"getTagSet\":[\"home\"]}],[[1,10],{\"getFacts\":\"WasAfter\",\"getSource\":null,\"getTagSet\":[\"not home\"]}],[[0,20],{\"getFacts\":\"WasAfter\",\"getSource\":null,\"getTagSet\":[\"home\"]}]]"