{"example":[{"totalProcessed":0,"attritionInfo":[{"attritionCount":0,"attritionLevel":{"tag":"SubjectHasNoIndex"}},{"attritionCount":0,"attritionLevel":{"tag":"Included"}}]},{"contents":{"ids":[],"cohortData":[[]],"attributes":[]},"tag":"CW"}]}