"[{\"time\":[[0,4],{\"getConcepts\":\"home\",\"getFacts\":{\"contents\":\"is_funny\",\"tag\":\"NotAwesome\"}}],\"reason\":\"after\"}]"